=========================
Fcitx 5.1.19 -- Get Signal No.: 6
Date: try "date -d @1780404284" if you are using GNU date ***
ProcessID: 2367
fcitx5(+0x14ce8) [0x55e98badbce8]
/usr/lib/libc.so.6(+0x3e8f0) [0x7f27bcc3e8f0]
/usr/lib/libc.so.6(+0x9a29c) [0x7f27bcc9a29c]
/usr/lib/libc.so.6(gsignal+0x20) [0x7f27bcc3e7d0]
/usr/lib/libc.so.6(abort+0x26) [0x7f27bcc25681]
/usr/lib/libc.so.6(+0x26700) [0x7f27bcc26700]
/usr/lib/libc.so.6(+0xa47cc) [0x7f27bcca47cc]
/usr/lib/libc.so.6(+0xa4874) [0x7f27bcca4874]
/usr/lib/libc.so.6(+0xa62e2) [0x7f27bcca62e2]
/usr/lib/fcitx5/libpinyinhelper.so(+0x11b0c) [0x7f27bac7ab0c]
/usr/lib/libFcitx5Core.so.7(_ZN5fcitx12AddonManager6unloadEv+0x3b4) [0x7f27bd520b04]
/usr/lib/libFcitx5Core.so.7(_ZN5fcitx8InstanceD1Ev+0x42) [0x7f27bd4e21c2]
fcitx5(+0x12cb5) [0x55e98bad9cb5]
/usr/lib/libc.so.6(+0x27741) [0x7f27bcc27741]
/usr/lib/libc.so.6(__libc_start_main+0x89) [0x7f27bcc27879]
fcitx5(+0x14095) [0x55e98badb095]
